// Jest Snapshot v1, https://goo.gl/fbAQLP

exports[`should render ExpenseListItem 1`] = `
<div>
  <NavLink
    activeClassName="is-active"
    to="/edit/1"
  >
    <h3>
      Gumm
    </h3>
  </NavLink>
  <p>
    $1.95
    -
    December 31st, 1969
  </p>
</div>
`;
